@import 'glob/one.txt'; @import 'glob/two.txt';

@import 'glob/one.txt'; @import 'glob/two.txt';
