@import 'glob/one.txt'; // EOL
@import 'glob/two.txt';
