@import 'glob/one.txt'; /* via custom callback */ @import 'glob/two.txt'; /* via custom callback */
