<blorflax snert "blorflax/snarf.txt"> <blorflax snert "blorflax/snorf.txt"> <blorflax snert "blorflax/snurf/snurf.txt">
