<include #blorflax/snarf.txt#> <include #blorflax/snorf.txt#> <include #blorflax/snurf/snurf.txt#>
