@import 'djang/one.txt'; @import 'djang/two.txt';
