@import 'djang/one.txt'; @import 'djang/three.md'; @import 'djang/two.txt';
